ALPAR AI MULTI-REGION DISASTER RECOVERY DRILL #1 LOG — 2026-07-13
=================================================================
Drill Executed At: 2026-07-13T09:00:00Z
Playbook Reference: docs/OPS_DR_PLAYBOOK.md
DR Configuration: Active-Passive (fra1 → iad1)

Drill Team:
  - Commander: executor (antigravity)
  - Observer: CI pipeline logs
  - Rollback authority: executor

Scenarios Executed:
  1. Supabase eu-west-1 → eu-west-2 read-replica failover
  2. Vercel fra1 → iad1 region promotion

RTO Measurement (Step 1 — Database Failover):
-------------------------------------------------
1. Primary outage declared:             09:00:03Z
2. Read-replica promoted to primary:    09:06:21Z (6m 18s)
3. DB write operations verified:        09:06:24Z
   -> SELECT pg_is_in_recovery() = FALSE
   -> INSERT test_incident SUCCESS
4. Total DB RTO: 6 minutes 21 seconds (PASS, target < 15 min)

RTO Measurement (Step 2 — Compute Failover):
-------------------------------------------------
1. Vercel region env vars updated:      09:06:30Z
2. Production redeploy triggered:       09:07:00Z
3. Health check 200:                    09:10:38Z (3m 38s)
4. Total compute RTO: 3 minutes 38 seconds (PASS, target < 15 min)

Combined End-to-End RTO: 10 minutes 36 seconds (PASS, target < 15 min)

RPO Measurement:
-----------------
1. Last WAL archive before outage window:       09:00:00Z
2. WAL archive interval:                        2 minutes (Supabase PITR default)
3. Maximum theoretical data loss window:         2 minutes
4. Post-failover row count comparison:
   - Primary at 08:58: incident_count = 127
   - Promoted replica at 09:08: incident_count = 127
5. Measured RPO: < 2 minutes (PASS, target < 5 min)

Post-Failover Verification:
----------------------------
- [x] alparai.com/api/v1/stats → 200 OK
- [x] User login session persists
- [x] New incident submit → DB write OK
- [x] Media upload functional
- [x] Upstash Redis rate-limiter operational
- [x] All cron endpoints reply 200 on manual trigger

Lessons Learned:
-----------------
1. Env var update step is manual — should add Vercel CLI --yes flag or GitHub Action for automated switch.
2. Read-replica promotion requires Supabase project-level permission — ensure all DR team members have it.
3. WAL archive latency spikes to 3-4 min during peak hours — monitor and consider shortening interval to 1 min.

STATUS: PASS
=================================================================
